
[2026-09-07 22:20:57] Сервер запущено.
[2026-09-07 22:20:58] Успіх: перехід на головну сторінку виконано!
[2026-09-07 22:21:03] Успіх: зображення kinopoisk.ru-Spartacus.jpg завантажено. Розмір: 573374 байт.
[2026-09-07 22:21:03] Успіх: посилання на файл згенеровано!
[2026-09-07 22:21:03] Успіх: перехід на сторінку завантаження виконано!
[2026-09-07 22:21:25] Успіх: перехід на головну сторінку виконано!
[2026-09-08 21:47:18] Сервер запущено.
[2026-09-08 21:47:35] Сервер запущено.
[2026-09-08 21:48:25] Сервер запущено.
[2026-09-08 21:52:05] Сервер запущено.
[2026-09-08 21:52:10] Успіх: перехід на головну сторінку виконано!
[2026-09-08 21:58:57] Сервер запущено.
[2026-09-08 21:59:04] Помилка: файл не обрано!
[2026-09-08 21:59:04] Помилка: недопустимий файл!
[2026-09-08 21:59:05] Успіх: перехід на головну сторінку виконано!
[2026-09-10 15:40:58] Сервер запущено.
[2026-09-10 15:47:19] Успіх: перехід на головну сторінку виконано!
[2026-09-10 15:47:55] Успіх: зображення brovi-kak-u-andzheliny-dzholi_3.jpeg завантажено. Розмір: 105849 байт.
[2026-09-10 15:47:55] Успіх: посилання на файл згенеровано!
[2026-09-10 15:47:55] Успіх: перехід на сторінку завантаження виконано!
[2026-09-10 15:47:56] Успіх: перехід на головну сторінку виконано!
[2026-09-10 15:49:20] Сервер запущено.
[2026-09-10 15:49:27] Успіх: перехід на головну сторінку виконано!
[2026-09-10 15:49:28] Успіх: перехід на головну сторінку виконано!
